../Core/Src/main.c:121:5:main	2
../Core/Src/main.c:254:6:segment_on	2
../Core/Src/main.c:264:6:segment_off	2
../Core/Src/main.c:274:6:display_A	1
../Core/Src/main.c:285:6:display_B	1
../Core/Src/main.c:296:6:display_C	1
../Core/Src/main.c:307:6:display_D	1
../Core/Src/main.c:318:6:display_E	1
../Core/Src/main.c:329:6:display_F	1
../Core/Src/main.c:340:6:display_G	1
../Core/Src/main.c:351:6:display_H	1
../Core/Src/main.c:362:6:display_I	1
../Core/Src/main.c:373:6:display_J	1
../Core/Src/main.c:384:6:display_K	1
../Core/Src/main.c:395:6:display_L	1
../Core/Src/main.c:406:6:display_M	1
../Core/Src/main.c:417:6:display_N	1
../Core/Src/main.c:428:6:display_O	1
../Core/Src/main.c:439:6:display_P	1
../Core/Src/main.c:450:6:display_Q	1
../Core/Src/main.c:461:6:display_R	1
../Core/Src/main.c:472:6:display_S	1
../Core/Src/main.c:483:6:display_T	1
../Core/Src/main.c:494:6:display_U	1
../Core/Src/main.c:505:6:display_V	1
../Core/Src/main.c:516:6:display_W	1
../Core/Src/main.c:527:6:display_X	1
../Core/Src/main.c:538:6:display_Y	1
../Core/Src/main.c:549:6:display_Z	1
../Core/Src/main.c:565:6:SystemClock_Config	3
../Core/Src/main.c:612:13:MX_USART2_UART_Init	2
../Core/Src/main.c:645:13:MX_GPIO_Init	1
../Core/Src/main.c:774:6:Error_Handler	1
