../Core/Src/main.c:144:5:main	1
../Core/Src/main.c:213:6:segment_on	2
../Core/Src/main.c:223:6:segment_off	2
../Core/Src/main.c:233:6:morse_code_transcribe	105
../Core/Src/main.c:319:6:reset_morse	1
../Core/Src/main.c:330:6:store_morse_symbol	2
../Core/Src/main.c:340:6:check_button_hold	12
../Core/Src/main.c:414:6:display_off	1
../Core/Src/main.c:425:6:display_A	1
../Core/Src/main.c:436:6:display_B	1
../Core/Src/main.c:447:6:display_C	1
../Core/Src/main.c:458:6:display_D	1
../Core/Src/main.c:469:6:display_E	1
../Core/Src/main.c:480:6:display_F	1
../Core/Src/main.c:491:6:display_G	1
../Core/Src/main.c:502:6:display_H	1
../Core/Src/main.c:513:6:display_I	1
../Core/Src/main.c:524:6:display_J	1
../Core/Src/main.c:535:6:display_K	1
../Core/Src/main.c:546:6:display_L	1
../Core/Src/main.c:557:6:display_M	1
../Core/Src/main.c:568:6:display_N	1
../Core/Src/main.c:579:6:display_O	1
../Core/Src/main.c:590:6:display_P	1
../Core/Src/main.c:601:6:display_Q	1
../Core/Src/main.c:612:6:display_R	1
../Core/Src/main.c:623:6:display_S	1
../Core/Src/main.c:634:6:display_T	1
../Core/Src/main.c:645:6:display_U	1
../Core/Src/main.c:656:6:display_V	1
../Core/Src/main.c:667:6:display_W	1
../Core/Src/main.c:678:6:display_X	1
../Core/Src/main.c:689:6:display_Y	1
../Core/Src/main.c:700:6:display_Z	1
../Core/Src/main.c:716:6:SystemClock_Config	3
../Core/Src/main.c:763:13:MX_USART2_UART_Init	2
../Core/Src/main.c:796:13:MX_GPIO_Init	1
../Core/Src/main.c:925:6:Error_Handler	1
