../Core/Src/main.c:121:5:main	8	static
../Core/Src/main.c:254:6:segment_on	16	static
../Core/Src/main.c:264:6:segment_off	16	static
../Core/Src/main.c:274:6:display_A	8	static
../Core/Src/main.c:285:6:display_B	8	static
../Core/Src/main.c:296:6:display_C	8	static
../Core/Src/main.c:307:6:display_D	8	static
../Core/Src/main.c:318:6:display_E	8	static
../Core/Src/main.c:329:6:display_F	8	static
../Core/Src/main.c:340:6:display_G	8	static
../Core/Src/main.c:351:6:display_H	8	static
../Core/Src/main.c:362:6:display_I	8	static
../Core/Src/main.c:373:6:display_J	8	static
../Core/Src/main.c:384:6:display_K	8	static
../Core/Src/main.c:395:6:display_L	8	static
../Core/Src/main.c:406:6:display_M	8	static
../Core/Src/main.c:417:6:display_N	8	static
../Core/Src/main.c:428:6:display_O	8	static
../Core/Src/main.c:439:6:display_P	8	static
../Core/Src/main.c:450:6:display_Q	8	static
../Core/Src/main.c:461:6:display_R	8	static
../Core/Src/main.c:472:6:display_S	8	static
../Core/Src/main.c:483:6:display_T	8	static
../Core/Src/main.c:494:6:display_U	8	static
../Core/Src/main.c:505:6:display_V	8	static
../Core/Src/main.c:516:6:display_W	8	static
../Core/Src/main.c:527:6:display_X	8	static
../Core/Src/main.c:538:6:display_Y	8	static
../Core/Src/main.c:549:6:display_Z	8	static
../Core/Src/main.c:565:6:SystemClock_Config	88	static
../Core/Src/main.c:612:13:MX_USART2_UART_Init	8	static
../Core/Src/main.c:645:13:MX_GPIO_Init	48	static
../Core/Src/main.c:774:6:Error_Handler	4	static,ignoring_inline_asm
