../Core/Src/main.c:134:5:main	8	static
../Core/Src/main.c:203:6:segment_on	16	static
../Core/Src/main.c:213:6:segment_off	16	static
../Core/Src/main.c:223:6:check_button_hold	8	static
../Core/Src/main.c:258:6:display_off	8	static
../Core/Src/main.c:269:6:display_A	8	static
../Core/Src/main.c:280:6:display_B	8	static
../Core/Src/main.c:291:6:display_C	8	static
../Core/Src/main.c:302:6:display_D	8	static
../Core/Src/main.c:313:6:display_E	8	static
../Core/Src/main.c:324:6:display_F	8	static
../Core/Src/main.c:335:6:display_G	8	static
../Core/Src/main.c:346:6:display_H	8	static
../Core/Src/main.c:357:6:display_I	8	static
../Core/Src/main.c:368:6:display_J	8	static
../Core/Src/main.c:379:6:display_K	8	static
../Core/Src/main.c:390:6:display_L	8	static
../Core/Src/main.c:401:6:display_M	8	static
../Core/Src/main.c:412:6:display_N	8	static
../Core/Src/main.c:423:6:display_O	8	static
../Core/Src/main.c:434:6:display_P	8	static
../Core/Src/main.c:445:6:display_Q	8	static
../Core/Src/main.c:456:6:display_R	8	static
../Core/Src/main.c:467:6:display_S	8	static
../Core/Src/main.c:478:6:display_T	8	static
../Core/Src/main.c:489:6:display_U	8	static
../Core/Src/main.c:500:6:display_V	8	static
../Core/Src/main.c:511:6:display_W	8	static
../Core/Src/main.c:522:6:display_X	8	static
../Core/Src/main.c:533:6:display_Y	8	static
../Core/Src/main.c:544:6:display_Z	8	static
../Core/Src/main.c:560:6:SystemClock_Config	88	static
../Core/Src/main.c:607:13:MX_USART2_UART_Init	8	static
../Core/Src/main.c:640:13:MX_GPIO_Init	48	static
../Core/Src/main.c:769:6:Error_Handler	4	static,ignoring_inline_asm
